[INFO] Scanning for projects...
[INFO] 
[INFO] --------------------< com.zj:ai-agent-application >---------------------
[INFO] Building AI Agent Application 1.0.0-SNAPSHOT
[INFO]   from pom.xml
[INFO] --------------------------------[ jar ]---------------------------------
[INFO] 
[INFO] --- resources:3.3.1:resources (default-resources) @ ai-agent-application ---
[INFO] skip non existing resourceDirectory D:\java\ai-agent\ai-agent-application\src\main\resources
[INFO] skip non existing resourceDirectory D:\java\ai-agent\ai-agent-application\src\main\resources
[INFO] 
[INFO] --- compiler:3.13.0:compile (default-compile) @ ai-agent-application ---
[INFO] Nothing to compile - all classes are up to date.
[INFO] 
[INFO] --- resources:3.3.1:testResources (default-testResources) @ ai-agent-application ---
[INFO] skip non existing resourceDirectory D:\java\ai-agent\ai-agent-application\src\test\resources
[INFO] 
[INFO] --- compiler:3.13.0:testCompile (default-testCompile) @ ai-agent-application ---
[INFO] Nothing to compile - all classes are up to date.
[INFO] 
[INFO] --- surefire:3.5.3:test (default-test) @ ai-agent-application ---
[INFO] Using auto detected provider org.apache.maven.surefire.junitplatform.JUnitPlatformProvider
[INFO] 
[INFO] -------------------------------------------------------
[INFO]  T E S T S
[INFO] -------------------------------------------------------
[INFO] Running com.zj.aiagent.application.workflow.SchedulerServiceTest
[ERROR] Tests run: 1, Failures: 0, Errors: 1, Skipped: 0, Time elapsed: 0.013 s <<< FAILURE! -- in com.zj.aiagent.application.workflow.SchedulerServiceTest
[ERROR] com.zj.aiagent.application.workflow.SchedulerServiceTest -- Time elapsed: 0.013 s <<< ERROR!
java.lang.NoClassDefFoundError: NodeExecutorStrategyFactory
	at java.base/java.lang.Class.getDeclaredFields0(Native Method)
	at java.base/java.lang.Class.privateGetDeclaredFields(Class.java:3473)
	at java.base/java.lang.Class.getDeclaredFields(Class.java:2542)
	at java.base/java.util.ArrayList.forEach(ArrayList.java:1596)
Caused by: java.lang.ClassNotFoundException: NodeExecutorStrategyFactory
	at java.base/jdk.internal.loader.BuiltinClassLoader.loadClass(BuiltinClassLoader.java:641)
	at java.base/jdk.internal.loader.ClassLoaders$AppClassLoader.loadClass(ClassLoaders.java:188)
	at java.base/java.lang.ClassLoader.loadClass(ClassLoader.java:526)
	... 4 more

[INFO] 
[INFO] Results:
[INFO] 
[ERROR] Errors: 
[ERROR]   SchedulerServiceTest ? NoClassDefFound NodeExecutorStrategyFactory
[INFO] 
[ERROR] Tests run: 1, Failures: 0, Errors: 1, Skipped: 0
[INFO] 
[INFO] ------------------------------------------------------------------------
[INFO] BUILD FAILURE
[INFO] ------------------------------------------------------------------------
[INFO] Total time:  5.073 s
[INFO] Finished at: 2026-01-13T13:20:30+08:00
[INFO] ------------------------------------------------------------------------
[ERROR] Failed to execute goal org.apache.maven.plugins:maven-surefire-plugin:3.5.3:test (default-test) on project ai-agent-application: 
[ERROR] 
[ERROR] See D:\java\ai-agent\ai-agent-application\target\surefire-reports for the individual test results.
[ERROR] See dump files (if any exist) [date].dump, [date]-jvmRun[N].dump and [date].dumpstream.
[ERROR] -> [Help 1]
[ERROR] 
[ERROR] To see the full stack trace of the errors, re-run Maven with the -e switch.
[ERROR] Re-run Maven using the -X switch to enable full debug logging.
[ERROR] 
[ERROR] For more information about the errors and possible solutions, please read the following articles:
[ERROR] [Help 1] http://cwiki.apache.org/confluence/display/MAVEN/MojoFailureException
